Archive member included to satisfy reference by file (symbol)

D:/ST/STM32CubeIDE_1.14.1/STM32CubeIDE/plugins/com.st.stm32cube.ide.mcu.externaltools.gnu-tools-for-stm32.11.3.rel1.win32_1.1.100.202309141235/tools/bin/../lib/gcc/arm-none-eabi/11.3.1/../../../../arm-none-eabi/lib/thumb/v7e-m+fp/hard\libc_nano.a(libc_a-exit.o)
                              D:/ST/STM32CubeIDE_1.14.1/STM32CubeIDE/plugins/com.st.stm32cube.ide.mcu.externaltools.gnu-tools-for-stm32.11.3.rel1.win32_1.1.100.202309141235/tools/bin/../lib/gcc/arm-none-eabi/11.3.1/../../../../arm-none-eabi/lib/thumb/v7e-m+fp/hard/crt0.o (exit)
D:/ST/STM32CubeIDE_1.14.1/STM32CubeIDE/plugins/com.st.stm32cube.ide.mcu.externaltools.gnu-tools-for-stm32.11.3.rel1.win32_1.1.100.202309141235/tools/bin/../lib/gcc/arm-none-eabi/11.3.1/../../../../arm-none-eabi/lib/thumb/v7e-m+fp/hard\libc_nano.a(libc_a-findfp.o)
                              D:/ST/STM32CubeIDE_1.14.1/STM32CubeIDE/plugins/com.st.stm32cube.ide.mcu.externaltools.gnu-tools-for-stm32.11.3.rel1.win32_1.1.100.202309141235/tools/bin/../lib/gcc/arm-none-eabi/11.3.1/../../../../arm-none-eabi/lib/thumb/v7e-m+fp/hard\libc_nano.a(libc_a-exit.o) (__stdio_exit_handler)
D:/ST/STM32CubeIDE_1.14.1/STM32CubeIDE/plugins/com.st.stm32cube.ide.mcu.externaltools.gnu-tools-for-stm32.11.3.rel1.win32_1.1.100.202309141235/tools/bin/../lib/gcc/arm-none-eabi/11.3.1/../../../../arm-none-eabi/lib/thumb/v7e-m+fp/hard\libc_nano.a(libc_a-fwalk.o)
                              D:/ST/STM32CubeIDE_1.14.1/STM32CubeIDE/plugins/com.st.stm32cube.ide.mcu.externaltools.gnu-tools-for-stm32.11.3.rel1.win32_1.1.100.202309141235/tools/bin/../lib/gcc/arm-none-eabi/11.3.1/../../../../arm-none-eabi/lib/thumb/v7e-m+fp/hard\libc_nano.a(libc_a-findfp.o) (_fwalk_sglue)
D:/ST/STM32CubeIDE_1.14.1/STM32CubeIDE/plugins/com.st.stm32cube.ide.mcu.externaltools.gnu-tools-for-stm32.11.3.rel1.win32_1.1.100.202309141235/tools/bin/../lib/gcc/arm-none-eabi/11.3.1/../../../../arm-none-eabi/lib/thumb/v7e-m+fp/hard\libc_nano.a(libc_a-stdio.o)
                              D:/ST/STM32CubeIDE_1.14.1/STM32CubeIDE/plugins/com.st.stm32cube.ide.mcu.externaltools.gnu-tools-for-stm32.11.3.rel1.win32_1.1.100.202309141235/tools/bin/../lib/gcc/arm-none-eabi/11.3.1/../../../../arm-none-eabi/lib/thumb/v7e-m+fp/hard\libc_nano.a(libc_a-findfp.o) (__sread)
D:/ST/STM32CubeIDE_1.14.1/STM32CubeIDE/plugins/com.st.stm32cube.ide.mcu.externaltools.gnu-tools-for-stm32.11.3.rel1.win32_1.1.100.202309141235/tools/bin/../lib/gcc/arm-none-eabi/11.3.1/../../../../arm-none-eabi/lib/thumb/v7e-m+fp/hard\libc_nano.a(libc_a-memset.o)
                              D:/ST/STM32CubeIDE_1.14.1/STM32CubeIDE/plugins/com.st.stm32cube.ide.mcu.externaltools.gnu-tools-for-stm32.11.3.rel1.win32_1.1.100.202309141235/tools/bin/../lib/gcc/arm-none-eabi/11.3.1/../../../../arm-none-eabi/lib/thumb/v7e-m+fp/hard/crt0.o (memset)
D:/ST/STM32CubeIDE_1.14.1/STM32CubeIDE/plugins/com.st.stm32cube.ide.mcu.externaltools.gnu-tools-for-stm32.11.3.rel1.win32_1.1.100.202309141235/tools/bin/../lib/gcc/arm-none-eabi/11.3.1/../../../../arm-none-eabi/lib/thumb/v7e-m+fp/hard\libc_nano.a(libc_a-closer.o)
                              D:/ST/STM32CubeIDE_1.14.1/STM32CubeIDE/plugins/com.st.stm32cube.ide.mcu.externaltools.gnu-tools-for-stm32.11.3.rel1.win32_1.1.100.202309141235/tools/bin/../lib/gcc/arm-none-eabi/11.3.1/../../../../arm-none-eabi/lib/thumb/v7e-m+fp/hard\libc_nano.a(libc_a-stdio.o) (_close_r)
D:/ST/STM32CubeIDE_1.14.1/STM32CubeIDE/plugins/com.st.stm32cube.ide.mcu.externaltools.gnu-tools-for-stm32.11.3.rel1.win32_1.1.100.202309141235/tools/bin/../lib/gcc/arm-none-eabi/11.3.1/../../../../arm-none-eabi/lib/thumb/v7e-m+fp/hard\libc_nano.a(libc_a-reent.o)
                              D:/ST/STM32CubeIDE_1.14.1/STM32CubeIDE/plugins/com.st.stm32cube.ide.mcu.externaltools.gnu-tools-for-stm32.11.3.rel1.win32_1.1.100.202309141235/tools/bin/../lib/gcc/arm-none-eabi/11.3.1/../../../../arm-none-eabi/lib/thumb/v7e-m+fp/hard\libc_nano.a(libc_a-closer.o) (errno)
D:/ST/STM32CubeIDE_1.14.1/STM32CubeIDE/plugins/com.st.stm32cube.ide.mcu.externaltools.gnu-tools-for-stm32.11.3.rel1.win32_1.1.100.202309141235/tools/bin/../lib/gcc/arm-none-eabi/11.3.1/../../../../arm-none-eabi/lib/thumb/v7e-m+fp/hard\libc_nano.a(libc_a-impure.o)
                              D:/ST/STM32CubeIDE_1.14.1/STM32CubeIDE/plugins/com.st.stm32cube.ide.mcu.externaltools.gnu-tools-for-stm32.11.3.rel1.win32_1.1.100.202309141235/tools/bin/../lib/gcc/arm-none-eabi/11.3.1/../../../../arm-none-eabi/lib/thumb/v7e-m+fp/hard\libc_nano.a(libc_a-reent.o) (_impure_ptr)
D:/ST/STM32CubeIDE_1.14.1/STM32CubeIDE/plugins/com.st.stm32cube.ide.mcu.externaltools.gnu-tools-for-stm32.11.3.rel1.win32_1.1.100.202309141235/tools/bin/../lib/gcc/arm-none-eabi/11.3.1/../../../../arm-none-eabi/lib/thumb/v7e-m+fp/hard\libc_nano.a(libc_a-lseekr.o)
[...]
Memory Configuration

Name             Origin             Length             Attributes
RAM              0x0000000020000000 0x0000000000020000 xrw
FLASH            0x0000000008000000 0x0000000000080000 xr
*default*        0x0000000000000000 0xffffffffffffffff

Linker script and memory map

LOAD D:/ST/STM32CubeIDE_1.14.1/STM32CubeIDE/plugins/com.st.stm32cube.ide.mcu.externaltools.gnu-tools-for-stm32.11.3.rel1.win32_1.1.100.202309141235/tools/bin/../lib/gcc/arm-none-eabi/11.3.1/thumb/v7e-m+fp/hard/crti.o
LOAD D:/ST/STM32CubeIDE_1.14.1/STM32CubeIDE/plugins/com.st.stm32cube.ide.mcu.externaltools.gnu-tools-for-stm32.11.3.rel1.win32_1.1.100.202309141235/tools/bin/../lib/gcc/arm-none-eabi/11.3.1/thumb/v7e-m+fp/hard/crtbegin.o
LOAD D:/ST/STM32CubeIDE_1.14.1/STM32CubeIDE/plugins/com.st.stm32cube.ide.mcu.externaltools.gnu-tools-for-stm32.11.3.rel1.win32_1.1.100.202309141235/tools/bin/../lib/gcc/arm-none-eabi/11.3.1/../../../../arm-none-eabi/lib/thumb/v7e-m+fp/hard/crt0.o
LOAD ./Core/Src/LiquidCrystal_I2C.o
LOAD ./Core/Src/main.o
LOAD ./Core/Src/stm32f4xx_hal_msp.o
LOAD ./Core/Src/stm32f4xx_it.o
LOAD ./Core/Src/syscalls.o
LOAD ./Core/Src/sysmem.o
LOAD ./Core/Src/system_stm32f4xx.o
LOAD ./Core/Startup/startup_stm32f411retx.o
LOAD ./Drivers/STM32F4xx_HAL_Driver/Src/stm32f4xx_hal.o
LOAD ./Drivers/STM32F4xx_HAL_Driver/Src/stm32f4xx_hal_cortex.o
LOAD ./Drivers/STM32F4xx_HAL_Driver/Src/stm32f4xx_hal_dma.o
LOAD ./Drivers/STM32F4xx_HAL_Driver/Src/stm32f4xx_hal_dma_ex.o
LOAD ./Drivers/STM32F4xx_HAL_Driver/Src/stm32f4xx_hal_exti.o
LOAD ./Drivers/STM32F4xx_HAL_Driver/Src/stm32f4xx_hal_flash.o
LOAD ./Drivers/STM32F4xx_HAL_Driver/Src/stm32f4xx_hal_flash_ex.o
LOAD ./Drivers/STM32F4xx_HAL_Driver/Src/stm32f4xx_hal_flash_ramfunc.o
LOAD ./Drivers/STM32F4xx_HAL_Driver/Src/stm32f4xx_hal_gpio.o
LOAD ./Drivers/STM32F4xx_HAL_Driver/Src/stm32f4xx_hal_i2c.o
LOAD ./Drivers/STM32F4xx_HAL_Driver/Src/stm32f4xx_hal_i2c_ex.o
LOAD ./Drivers/STM32F4xx_HAL_Driver/Src/stm32f4xx_hal_pwr.o
LOAD ./Drivers/STM32F4xx_HAL_Driver/Src/stm32f4xx_hal_pwr_ex.o
LOAD ./Drivers/STM32F4xx_HAL_Driver/Src/stm32f4xx_hal_rcc.o
LOAD ./Drivers/STM32F4xx_HAL_Driver/Src/stm32f4xx_hal_rcc_ex.o
LOAD ./Drivers/STM32F4xx_HAL_Driver/Src/stm32f4xx_hal_tim.o
LOAD ./Drivers/STM32F4xx_HAL_Driver/Src/stm32f4xx_hal_tim_ex.o
START GROUP
LOAD D:/ST/STM32CubeIDE_1.14.1/STM32CubeIDE/plugins/com.st.stm32cube.ide.mcu.externaltools.gnu-tools-for-stm32.11.3.rel1.win32_1.1.100.202309141235/tools/bin/../lib/gcc/arm-none-eabi/11.3.1/../../../../arm-none-eabi/lib/thumb/v7e-m+fp/hard\libc_nano.a
LOAD D:/ST/STM32CubeIDE_1.14.1/STM32CubeIDE/plugins/com.st.stm32cube.ide.mcu.externaltools.gnu-tools-for-stm32.11.3.rel1.win32_1.1.100.202309141235/tools/bin/../lib/gcc/arm-none-eabi/11.3.1/../../../../arm-none-eabi/lib/thumb/v7e-m+fp/hard\libm.a
END GROUP
START GROUP
LOAD D:/ST/STM32CubeIDE_1.14.1/STM32CubeIDE/plugins/com.st.stm32cube.ide.mcu.externaltools.gnu-tools-for-stm32.11.3.rel1.win32_1.1.100.202309141235/tools/bin/../lib/gcc/arm-none-eabi/11.3.1/thumb/v7e-m+fp/hard\libgcc.a
LOAD D:/ST/STM32CubeIDE_1.14.1/STM32CubeIDE/plugins/com.st.stm32cube.ide.mcu.externaltools.gnu-tools-for-stm32.11.3.rel1.win32_1.1.100.202309141235/tools/bin/../lib/gcc/arm-none-eabi/11.3.1/../../../../arm-none-eabi/lib/thumb/v7e-m+fp/hard\libc_nano.a
END GROUP
START GROUP
LOAD D:/ST/STM32CubeIDE_1.14.1/STM32CubeIDE/plugins/com.st.stm32cube.ide.mcu.externaltools.gnu-tools-for-stm32.11.3.rel1.win32_1.1.100.202309141235/tools/bin/../lib/gcc/arm-none-eabi/11.3.1/thumb/v7e-m+fp/hard\libgcc.a
LOAD D:/ST/STM32CubeIDE_1.14.1/STM32CubeIDE/plugins/com.st.stm32cube.ide.mcu.externaltools.gnu-tools-for-stm32.11.3.rel1.win32_1.1.100.202309141235/tools/bin/../lib/gcc/arm-none-eabi/11.3.1/../../../../arm-none-eabi/lib/thumb/v7e-m+fp/hard\libc_nano.a
LOAD D:/ST/STM32CubeIDE_1.14.1/STM32CubeIDE/plugins/com.st.stm32cube.ide.mcu.externaltools.gnu-tools-for-stm32.11.3.rel1.win32_1.1.100.202309141235/tools/bin/../lib/gcc/arm-none-eabi/11.3.1/../../../../arm-none-eabi/lib/thumb/v7e-m+fp/hard\libnosys.a
END GROUP
START GROUP
LOAD D:/ST/STM32CubeIDE_1.14.1/STM32CubeIDE/plugins/com.st.stm32cube.ide.mcu.externaltools.gnu-tools-for-stm32.11.3.rel1.win32_1.1.100.202309141235/tools/bin/../lib/gcc/arm-none-eabi/11.3.1/thumb/v7e-m+fp/hard\libgcc.a
LOAD D:/ST/STM32CubeIDE_1.14.1/STM32CubeIDE/plugins/com.st.stm32cube.ide.mcu.externaltools.gnu-tools-for-stm32.11.3.rel1.win32_1.1.100.202309141235/tools/bin/../lib/gcc/arm-none-eabi/11.3.1/../../../../arm-none-eabi/lib/thumb/v7e-m+fp/hard\libc_nano.a
LOAD D:/ST/STM32CubeIDE_1.14.1/STM32CubeIDE/plugins/com.st.stm32cube.ide.mcu.externaltools.gnu-tools-for-stm32.11.3.rel1.win32_1.1.100.202309141235/tools/bin/../lib/gcc/arm-none-eabi/11.3.1/../../../../arm-none-eabi/lib/thumb/v7e-m+fp/hard\libnosys.a
END GROUP
LOAD D:/ST/STM32CubeIDE_1.14.1/STM32CubeIDE/plugins/com.st.stm32cube.ide.mcu.externaltools.gnu-tools-for-stm32.11.3.rel1.win32_1.1.100.202309141235/tools/bin/../lib/gcc/arm-none-eabi/11.3.1/thumb/v7e-m+fp/hard/crtend.o
LOAD D:/ST/STM32CubeIDE_1.14.1/STM32CubeIDE/plugins/com.st.stm32cube.ide.mcu.externaltools.gnu-tools-for-stm32.11.3.rel1.win32_1.1.100.202309141235/tools/bin/../lib/gcc/arm-none-eabi/11.3.1/thumb/v7e-m+fp/hard/crtn.o
                0x0000000020020000                _estack = (ORIGIN (RAM) + LENGTH (RAM))
                0x0000000000000200                _Min_Heap_Size = 0x200
                0x0000000000000400                _Min_Stack_Size = 0x400

.isr_vector     0x0000000008000000      0x198
                0x0000000008000000                . = ALIGN (0x4)
 *(.isr_vector)
 .isr_vector    0x0000000008000000      0x198 ./Core/Startup/startup_stm32f411retx.o
                0x0000000008000000                g_pfnVectors
                0x0000000008000198                . = ALIGN (0x4)

.text           0x0000000008000198     0x2b2c
                0x0000000008000198                . = ALIGN (0x4)
 *(.text)
 .text          0x0000000008000198       0x40 D:/ST/STM32CubeIDE_1.14.1/STM32CubeIDE/plugins/com.st.stm32cube.ide.mcu.externaltools.gnu-tools-for-stm32.11.3.rel1.win32_1.1.100.202309141235/tools/bin/../lib/gcc/arm-none-eabi/11.3.1/thumb/v7e-m+fp/hard/crtbegin.o
 .text          0x00000000080001d8       0x10 D:/ST/STM32CubeIDE_1.14.1/STM32CubeIDE/plugins/com.st.stm32cube.ide.mcu.externaltools.gnu-tools-for-stm32.11.3.rel1.win32_1.1.100.202309141235/tools/bin/../lib/gcc/arm-none-eabi/11.3.1/../../../../arm-none-eabi/lib/thumb/v7e-m+fp/hard\libc_nano.a(libc_a-strlen.o)
                0x00000000080001d8                strlen
 .text          0x00000000080001e8       0x30 D:/ST/STM32CubeIDE_1.14.1/STM32CubeIDE/plugins/com.st.stm32cube.ide.mcu.externaltools.gnu-tools-for-stm32.11.3.rel1.win32_1.1.100.202309141235/tools/bin/../lib/gcc/arm-none-eabi/11.3.1/thumb/v7e-m+fp/hard\libgcc.a(_aeabi_uldivmod.o)
                0x00000000080001e8                __aeabi_uldivmod
 .text          0x0000000008000218      0x2c8 D:/ST/STM32CubeIDE_1.14.1/STM32CubeIDE/plugins/com.st.stm32cube.ide.mcu.externaltools.gnu-tools-for-stm32.11.3.rel1.win32_1.1.100.202309141235/tools/bin/../lib/gcc/arm-none-eabi/11.3.1/thumb/v7e-m+fp/hard\libgcc.a(_udivmoddi4.o)
                0x0000000008000218                __udivmoddi4
 .text          0x00000000080004e0        0x4 D:/ST/STM32CubeIDE_1.14.1/STM32CubeIDE/plugins/com.st.stm32cube.ide.mcu.externaltools.gnu-tools-for-stm32.11.3.rel1.win32_1.1.100.202309141235/tools/bin/../lib/gcc/arm-none-eabi/11.3.1/thumb/v7e-m+fp/hard\libgcc.a(_dvmd_tls.o)
                0x00000000080004e0                __aeabi_idiv0
                0x00000000080004e0                __aeabi_ldiv0
 *(.text*)
 .text.InitLiquidCrystal_I2C
                0x00000000080004e4       0x52 ./Core/Src/LiquidCrystal_I2C.o
                0x00000000080004e4                InitLiquidCrystal_I2C
 .text.begin    0x0000000008000536       0xde ./Core/Src/LiquidCrystal_I2C.o
                0x0000000008000536                begin
 .text.clear    0x0000000008000614       0x1e ./Core/Src/LiquidCrystal_I2C.o
                0x0000000008000614                clear
 .text.home     0x0000000008000632       0x1e ./Core/Src/LiquidCrystal_I2C.o
                0x0000000008000632                home
 .text.setCursor
                0x0000000008000650       0x66 ./Core/Src/LiquidCrystal_I2C.o
                0x0000000008000650                setCursor
 .text.display  0x00000000080006b6       0x30 ./Core/Src/LiquidCrystal_I2C.o
                0x00000000080006b6                display
 .text.noAutoscroll
                0x00000000080006e6       0x30 ./Core/Src/LiquidCrystal_I2C.o
                0x00000000080006e6                noAutoscroll
 .text.backlight
                0x0000000008000716       0x1e ./Core/Src/LiquidCrystal_I2C.o
                0x0000000008000716                backlight
 .text.lcdPrint
                0x0000000008000734       0x46 ./Core/Src/LiquidCrystal_I2C.o
                0x0000000008000734                lcdPrint
 .text.command  0x000000000800077a       0x20 ./Core/Src/LiquidCrystal_I2C.o
                0x000000000800077a                command
 .text.write    0x000000000800079a       0x20 ./Core/Src/LiquidCrystal_I2C.o
                0x000000000800079a                write
 .text.expanderWrite
                0x00000000080007ba       0x3a ./Core/Src/LiquidCrystal_I2C.o
 .text.pulseEnable
                0x00000000080007f4       0x40 ./Core/Src/LiquidCrystal_I2C.o
 .text.write4bits
                0x0000000008000834       0x28 ./Core/Src/LiquidCrystal_I2C.o
 .text.send     0x000000000800085c       0x46 ./Core/Src/LiquidCrystal_I2C.o
 *fill*         0x00000000080008a2        0x2 
 .text.main     0x00000000080008a4       0x64 ./Core/Src/main.o
                0x00000000080008a4                main
 .text.SystemClock_Config
                0x0000000008000908       0xd4 ./Core/Src/main.o
                0x0000000008000908                SystemClock_Config
 .text.MX_I2C1_Init
                0x00000000080009dc       0x5c ./Core/Src/main.o
 .text.MX_TIM1_Init
                0x0000000008000a38       0xa0 ./Core/Src/main.o
 .text.MX_GPIO_Init
                0x0000000008000ad8       0xfc ./Core/Src/main.o
 .text.Error_Handler
                0x0000000008000bd4        0xa ./Core/Src/main.o
                0x0000000008000bd4                Error_Handler
 *fill*         0x0000000008000bde        0x2 
 .text.HAL_MspInit
                0x0000000008000be0       0x50 ./Core/Src/stm32f4xx_hal_msp.o
                0x0000000008000be0                HAL_MspInit
 .text.HAL_I2C_MspInit
                0x0000000008000c30       0x90 ./Core/Src/stm32f4xx_hal_msp.o
                0x0000000008000c30                HAL_I2C_MspInit
 .text.HAL_TIM_Base_MspInit
                0x0000000008000cc0       0x44 ./Core/Src/stm32f4xx_hal_msp.o
                0x0000000008000cc0                HAL_TIM_Base_MspInit
 .text.NMI_Handler
                0x0000000008000d04        0x6 ./Core/Src/stm32f4xx_it.o
                0x0000000008000d04                NMI_Handler
 .text.HardFault_Handler
                0x0000000008000d0a        0x6 ./Core/Src/stm32f4xx_it.o
                0x0000000008000d0a                HardFault_Handler
 .text.MemManage_Handler
                0x0000000008000d10        0x6 ./Core/Src/stm32f4xx_it.o
                0x0000000008000d10                MemManage_Handler
 .text.BusFault_Handler
                0x0000000008000d16        0x6 ./Core/Src/stm32f4xx_it.o
                0x0000000008000d16                BusFault_Handler
 .text.UsageFault_Handler
                0x0000000008000d1c        0x6 ./Core/Src/stm32f4xx_it.o
                0x0000000008000d1c                UsageFault_Handler
 .text.SVC_Handler
                0x0000000008000d22        0xe ./Core/Src/stm32f4xx_it.o
                0x0000000008000d22                SVC_Handler
 .text.DebugMon_Handler
                0x0000000008000d30        0xe ./Core/Src/stm32f4xx_it.o
                0x0000000008000d30                DebugMon_Handler
 .text.PendSV_Handler
                0x0000000008000d3e        0xe ./Core/Src/stm32f4xx_it.o
                0x0000000008000d3e                PendSV_Handler
 .text.SysTick_Handler
                0x0000000008000d4c        0xc ./Core/Src/stm32f4xx_it.o
                0x0000000008000d4c                SysTick_Handler
 .text.SystemInit
                0x0000000008000d58       0x24 ./Core/Src/system_stm32f4xx.o
                0x0000000008000d58                SystemInit
 .text.Reset_Handler
                0x0000000008000d7c       0x50 ./Core/Startup/startup_stm32f411retx.o
                0x0000000008000d7c                Reset_Handler
 .text.Default_Handler
                0x0000000008000dcc        0x2 ./Core/Startup/startup_stm32f411retx.o
                0x0000000008000dcc                RTC_Alarm_IRQHandler
                0x0000000008000dcc                EXTI2_IRQHandler
                0x0000000008000dcc                SPI4_IRQHandler
                0x0000000008000dcc                TIM1_CC_IRQHandler
                0x0000000008000dcc                DMA2_Stream5_IRQHandler
                0x0000000008000dcc                DMA1_Stream5_IRQHandler
                0x0000000008000dcc                PVD_IRQHandler
                0x0000000008000dcc                SDIO_IRQHandler
                0x0000000008000dcc                TAMP_STAMP_IRQHandler
                0x0000000008000dcc                EXTI3_IRQHandler
                0x0000000008000dcc                TIM1_UP_TIM10_IRQHandler
                0x0000000008000dcc                I2C3_ER_IRQHandler
                0x0000000008000dcc                EXTI0_IRQHandler
                0x0000000008000dcc                I2C2_EV_IRQHandler
                0x0000000008000dcc                DMA1_Stream2_IRQHandler
                0x0000000008000dcc                FPU_IRQHandler
                0x0000000008000dcc                DMA2_Stream2_IRQHandler
                0x0000000008000dcc                SPI1_IRQHandler
                0x0000000008000dcc                TIM1_BRK_TIM9_IRQHandler
                0x0000000008000dcc                DMA2_Stream3_IRQHandler
                0x0000000008000dcc                USART6_IRQHandler
                0x0000000008000dcc                DMA2_Stream0_IRQHandler
                0x0000000008000dcc                TIM4_IRQHandler
                0x0000000008000dcc                I2C1_EV_IRQHandler
                0x0000000008000dcc                DMA1_Stream6_IRQHandler
                0x0000000008000dcc                DMA1_Stream1_IRQHandler
                0x0000000008000dcc                TIM3_IRQHandler
                0x0000000008000dcc                RCC_IRQHandler
                0x0000000008000dcc                Default_Handler
                0x0000000008000dcc                EXTI15_10_IRQHandler
                0x0000000008000dcc                ADC_IRQHandler
                0x0000000008000dcc                DMA1_Stream7_IRQHandler
                0x0000000008000dcc                SPI5_IRQHandler
                0x0000000008000dcc                TIM5_IRQHandler
                0x0000000008000dcc                DMA2_Stream7_IRQHandler
                0x0000000008000dcc                I2C3_EV_IRQHandler
                0x0000000008000dcc                EXTI9_5_IRQHandler
                0x0000000008000dcc                RTC_WKUP_IRQHandler
                0x0000000008000dcc                SPI2_IRQHandler
                0x0000000008000dcc                DMA1_Stream0_IRQHandler
                0x0000000008000dcc                EXTI4_IRQHandler
                0x0000000008000dcc                WWDG_IRQHandler
                0x0000000008000dcc                TIM2_IRQHandler
                0x0000000008000dcc                OTG_FS_WKUP_IRQHandler
                0x0000000008000dcc                TIM1_TRG_COM_TIM11_IRQHandler
                0x0000000008000dcc                EXTI1_IRQHandler
                0x0000000008000dcc                USART2_IRQHandler
                0x0000000008000dcc                I2C2_ER_IRQHandler
                0x0000000008000dcc                DMA2_Stream1_IRQHandler
                0x0000000008000dcc                FLASH_IRQHandler
                0x0000000008000dcc                DMA2_Stream4_IRQHandler
                0x0000000008000dcc                USART1_IRQHandler
                0x0000000008000dcc                OTG_FS_IRQHandler
                0x0000000008000dcc                SPI3_IRQHandler
                0x0000000008000dcc                DMA1_Stream4_IRQHandler
                0x0000000008000dcc                I2C1_ER_IRQHandler
                0x0000000008000dcc                DMA2_Stream6_IRQHandler
                0x0000000008000dcc                DMA1_Stream3_IRQHandler
 *fill*         0x0000000008000dce        0x2 
 .text.HAL_Init
                0x0000000008000dd0       0x44 ./Drivers/STM32F4xx_HAL_Driver/Src/stm32f4xx_hal.o
                0x0000000008000dd0                HAL_Init
 .text.HAL_InitTick
                0x0000000008000e14       0x60 ./Drivers/STM32F4xx_HAL_Driver/Src/stm32f4xx_hal.o
                0x0000000008000e14                HAL_InitTick
 .text.HAL_IncTick
                0x0000000008000e74       0x28 ./Drivers/STM32F4xx_HAL_Driver/Src/stm32f4xx_hal.o
                0x0000000008000e74                HAL_IncTick
 .text.HAL_GetTick
                0x0000000008000e9c       0x18 ./Drivers/STM32F4xx_HAL_Driver/Src/stm32f4xx_hal.o
                0x0000000008000e9c                HAL_GetTick
 .text.HAL_Delay
                0x0000000008000eb4       0x48 ./Drivers/STM32F4xx_HAL_Driver/Src/stm32f4xx_hal.o
                0x0000000008000eb4                HAL_Delay
 .text.__NVIC_SetPriorityGrouping
                0x0000000008000efc       0x48 ./Drivers/STM32F4xx_HAL_Driver/Src/stm32f4xx_hal_cortex.o
 .text.__NVIC_GetPriorityGrouping
                0x0000000008000f44       0x1c ./Drivers/STM32F4xx_HAL_Driver/Src/stm32f4xx_hal_cortex.o
 .text.__NVIC_SetPriority
                0x0000000008000f60       0x54 ./Drivers/STM32F4xx_HAL_Driver/Src/stm32f4xx_hal_cortex.o
 .text.NVIC_EncodePriority
                0x0000000008000fb4       0x66 ./Drivers/STM32F4xx_HAL_Driver/Src/stm32f4xx_hal_cortex.o
 *fill*         0x000000000800101a        0x2 
 .text.SysTick_Config
                0x000000000800101c       0x44 ./Drivers/STM32F4xx_HAL_Driver/Src/stm32f4xx_hal_cortex.o
 .text.HAL_NVIC_SetPriorityGrouping
                0x0000000008001060       0x16 ./Drivers/STM32F4xx_HAL_Driver/Src/stm32f4xx_hal_cortex.o
                0x0000000008001060                HAL_NVIC_SetPriorityGrouping
 .text.HAL_NVIC_SetPriority
                0x0000000008001076       0x38 ./Drivers/STM32F4xx_HAL_Driver/Src/stm32f4xx_hal_cortex.o
                0x0000000008001076                HAL_NVIC_SetPriority
 .text.HAL_SYSTICK_Config
                0x00000000080010ae       0x18 ./Drivers/STM32F4xx_HAL_Driver/Src/stm32f4xx_hal_cortex.o
                0x00000000080010ae                HAL_SYSTICK_Config
 *fill*         0x00000000080010c6        0x2 
 .text.HAL_GPIO_Init
                0x00000000080010c8      0x308 ./Drivers/STM32F4xx_HAL_Driver/Src/stm32f4xx_hal_gpio.o
                0x00000000080010c8                HAL_GPIO_Init
 .text.HAL_GPIO_WritePin
                0x00000000080013d0       0x32 ./Drivers/STM32F4xx_HAL_Driver/Src/stm32f4xx_hal_gpio.o
                0x00000000080013d0                HAL_GPIO_WritePin
 *fill*         0x0000000008001402        0x2 
 .text.HAL_I2C_Init
                0x0000000008001404      0x288 ./Drivers/STM32F4xx_HAL_Driver/Src/stm32f4xx_hal_i2c.o
                0x0000000008001404                HAL_I2C_Init
 .text.HAL_I2C_Master_Transmit
                0x000000000800168c      0x1fc ./Drivers/STM32F4xx_HAL_Driver/Src/stm32f4xx_hal_i2c.o
                0x000000000800168c                HAL_I2C_Master_Transmit
 .text.I2C_MasterRequestWrite
                0x0000000008001888      0x104 ./Drivers/STM32F4xx_HAL_Driver/Src/stm32f4xx_hal_i2c.o
 .text.I2C_WaitOnFlagUntilTimeout
                0x000000000800198c       0xf4 ./Drivers/STM32F4xx_HAL_Driver/Src/stm32f4xx_hal_i2c.o
 .text.I2C_WaitOnMasterAddressFlagUntilTimeout
                0x0000000008001a80      0x140 ./Drivers/STM32F4xx_HAL_Driver/Src/stm32f4xx_hal_i2c.o
 .text.I2C_WaitOnTXEFlagUntilTimeout
                0x0000000008001bc0       0x90 ./Drivers/STM32F4xx_HAL_Driver/Src/stm32f4xx_hal_i2c.o
 .text.I2C_WaitOnBTFFlagUntilTimeout
                0x0000000008001c50       0x90 ./Drivers/STM32F4xx_HAL_Driver/Src/stm32f4xx_hal_i2c.o
 .text.I2C_IsAcknowledgeFailed
                0x0000000008001ce0       0x5e ./Drivers/STM32F4xx_HAL_Driver/Src/stm32f4xx_hal_i2c.o
 *fill*         0x0000000008001d3e        0x2 
 .text.HAL_RCC_OscConfig
                0x0000000008001d40      0x4f0 ./Drivers/STM32F4xx_HAL_Driver/Src/stm32f4xx_hal_rcc.o
                0x0000000008001d40                HAL_RCC_OscConfig
 .text.HAL_RCC_ClockConfig
                0x0000000008002230      0x1cc ./Drivers/STM32F4xx_HAL_Driver/Src/stm32f4xx_hal_rcc.o
                0x0000000008002230                HAL_RCC_ClockConfig
 .text.HAL_RCC_GetSysClockFreq
                0x00000000080023fc      0x20c ./Drivers/STM32F4xx_HAL_Driver/Src/stm32f4xx_hal_rcc.o
                0x00000000080023fc                HAL_RCC_GetSysClockFreq
 .text.HAL_RCC_GetHCLKFreq
                0x0000000008002608       0x18 ./Drivers/STM32F4xx_HAL_Driver/Src/stm32f4xx_hal_rcc.o
                0x0000000008002608                HAL_RCC_GetHCLKFreq
 .text.HAL_RCC_GetPCLK1Freq
                0x0000000008002620       0x28 ./Drivers/STM32F4xx_HAL_Driver/Src/stm32f4xx_hal_rcc.o
                0x0000000008002620                HAL_RCC_GetPCLK1Freq
 .text.HAL_TIM_Base_Init
                0x0000000008002648       0x9e ./Drivers/STM32F4xx_HAL_Driver/Src/stm32f4xx_hal_tim.o
                0x0000000008002648                HAL_TIM_Base_Init
 *fill*         0x00000000080026e6        0x2 
 .text.HAL_TIM_Base_Start
                0x00000000080026e8       0xb4 ./Drivers/STM32F4xx_HAL_Driver/Src/stm32f4xx_hal_tim.o
                0x00000000080026e8                HAL_TIM_Base_Start
 .text.HAL_TIM_ConfigClockSource
                0x000000000800279c      0x18e ./Drivers/STM32F4xx_HAL_Driver/Src/stm32f4xx_hal_tim.o
                0x000000000800279c                HAL_TIM_ConfigClockSource
 *fill*         0x000000000800292a        0x2 
 .text.TIM_Base_SetConfig
                0x000000000800292c      0x118 ./Drivers/STM32F4xx_HAL_Driver/Src/stm32f4xx_hal_tim.o
                0x000000000800292c                TIM_Base_SetConfig
 .text.TIM_TI1_ConfigInputStage
                0x0000000008002a44       0x5e ./Drivers/STM32F4xx_HAL_Driver/Src/stm32f4xx_hal_tim.o
 .text.TIM_TI2_ConfigInputStage
                0x0000000008002aa2       0x60 ./Drivers/STM32F4xx_HAL_Driver/Src/stm32f4xx_hal_tim.o
 .text.TIM_ITRx_SetConfig
                0x0000000008002b02       0x36 ./Drivers/STM32F4xx_HAL_Driver/Src/stm32f4xx_hal_tim.o
 .text.TIM_ETR_SetConfig
                0x0000000008002b38       0x40 ./Drivers/STM32F4xx_HAL_Driver/Src/stm32f4xx_hal_tim.o
                0x0000000008002b38                TIM_ETR_SetConfig
 .text.HAL_TIMEx_MasterConfigSynchronization
                0x0000000008002b78       0xdc ./Drivers/STM32F4xx_HAL_Driver/Src/stm32f4xx_hal_tim_ex.o
                0x0000000008002b78                HAL_TIMEx_MasterConfigSynchronization
 .text.memset   0x0000000008002c54       0x10 D:/ST/STM32CubeIDE_1.14.1/STM32CubeIDE/plugins/com.st.stm32cube.ide.mcu.externaltools.gnu-tools-for-stm32.11.3.rel1.win32_1.1.100.202309141235/tools/bin/../lib/gcc/arm-none-eabi/11.3.1/../../../../arm-none-eabi/lib/thumb/v7e-m+fp/hard\libc_nano.a(libc_a-memset.o)
                0x0000000008002c54                memset
 .text.__libc_init_array
                0x0000000008002c64       0x48 D:/ST/STM32CubeIDE_1.14.1/STM32CubeIDE/plugins/com.st.stm32cube.ide.mcu.externaltools.gnu-tools-for-stm32.11.3.rel1.win32_1.1.100.202309141235/tools/bin/../lib/gcc/arm-none-eabi/11.3.1/../../../../arm-none-eabi/lib/thumb/v7e-m+fp/hard\libc_nano.a(libc_a-init.o)
                0x0000000008002c64                __libc_init_array
 *(.glue_7)
 .glue_7        0x0000000008002cac        0x0 linker stubs
 *(.glue_7t)
 .glue_7t       0x0000000008002cac        0x0 linker stubs
 *(.eh_frame)
 .eh_frame      0x0000000008002cac        0x0 D:/ST/STM32CubeIDE_1.14.1/STM32CubeIDE/plugins/com.st.stm32cube.ide.mcu.externaltools.gnu-tools-for-stm32.11.3.rel1.win32_1.1.100.202309141235/tools/bin/../lib/gcc/arm-none-eabi/11.3.1/thumb/v7e-m+fp/hard/crtbegin.o
 *(.init)
 .init          0x0000000008002cac        0x4 D:/ST/STM32CubeIDE_1.14.1/STM32CubeIDE/plugins/com.st.stm32cube.ide.mcu.externaltools.gnu-tools-for-stm32.11.3.rel1.win32_1.1.100.202309141235/tools/bin/../lib/gcc/arm-none-eabi/11.3.1/thumb/v7e-m+fp/hard/crti.o
                0x0000000008002cac                _init
 .init          0x0000000008002cb0        0x8 D:/ST/STM32CubeIDE_1.14.1/STM32CubeIDE/plugins/com.st.stm32cube.ide.mcu.externaltools.gnu-tools-for-stm32.11.3.rel1.win32_1.1.100.202309141235/tools/bin/../lib/gcc/arm-none-eabi/11.3.1/thumb/v7e-m+fp/hard/crtn.o
 *(.fini)
 .fini          0x0000000008002cb8        0x4 D:/ST/STM32CubeIDE_1.14.1/STM32CubeIDE/plugins/com.st.stm32cube.ide.mcu.externaltools.gnu-tools-for-stm32.11.3.rel1.win32_1.1.100.202309141235/tools/bin/../lib/gcc/arm-none-eabi/11.3.1/thumb/v7e-m+fp/hard/crti.o
                0x0000000008002cb8                _fini
 .fini          0x0000000008002cbc        0x8 D:/ST/STM32CubeIDE_1.14.1/STM32CubeIDE/plugins/com.st.stm32cube.ide.mcu.externaltools.gnu-tools-for-stm32.11.3.rel1.win32_1.1.100.202309141235/tools/bin/../lib/gcc/arm-none-eabi/11.3.1/thumb/v7e-m+fp/hard/crtn.o
                0x0000000008002cc4                . = ALIGN (0x4)
                0x0000000008002cc4                _etext = .

.vfp11_veneer   0x0000000008002cc4        0x0
 .vfp11_veneer  0x0000000008002cc4        0x0 linker stubs

.v4_bx          0x0000000008002cc4        0x0
 .v4_bx         0x0000000008002cc4        0x0 linker stubs

.iplt           0x0000000008002cc4        0x0
 .iplt          0x0000000008002cc4        0x0 D:/ST/STM32CubeIDE_1.14.1/STM32CubeIDE/plugins/com.st.stm32cube.ide.mcu.externaltools.gnu-tools-for-stm32.11.3.rel1.win32_1.1.100.202309141235/tools/bin/../lib/gcc/arm-none-eabi/11.3.1/thumb/v7e-m+fp/hard/crtbegin.o

.rodata         0x0000000008002cc4       0x20
                0x0000000008002cc4                . = ALIGN (0x4)
 *(.rodata)
 .rodata        0x0000000008002cc4        0x5 ./Core/Src/main.o
 *(.rodata*)
 *fill*         0x0000000008002cc9        0x3 
 .rodata.AHBPrescTable
                0x0000000008002ccc       0x10 ./Core/Src/system_stm32f4xx.o
                0x0000000008002ccc                AHBPrescTable
 .rodata.APBPrescTable
                0x0000000008002cdc        0x8 ./Core/Src/system_stm32f4xx.o
                0x0000000008002cdc                APBPrescTable
                0x0000000008002ce4                . = ALIGN (0x4)

.ARM.extab      0x0000000008002ce4        0x0
                0x0000000008002ce4                . = ALIGN (0x4)
 *(.ARM.extab* .gnu.linkonce.armextab.*)
                0x0000000008002ce4                . = ALIGN (0x4)

.ARM            0x0000000008002ce4        0x8
                0x0000000008002ce4                . = ALIGN (0x4)
                0x0000000008002ce4                __exidx_start = .
 *(.ARM.exidx*)
 .ARM.exidx     0x0000000008002ce4        0x8 D:/ST/STM32CubeIDE_1.14.1/STM32CubeIDE/plugins/com.st.stm32cube.ide.mcu.externaltools.gnu-tools-for-stm32.11.3.rel1.win32_1.1.100.202309141235/tools/bin/../lib/gcc/arm-none-eabi/11.3.1/thumb/v7e-m+fp/hard\libgcc.a(_udivmoddi4.o)
                0x0000000008002cec                __exidx_end = .
                0x0000000008002cec                . = ALIGN (0x4)

.rel.dyn        0x0000000008002cec        0x0
 .rel.iplt      0x0000000008002cec        0x0 D:/ST/STM32CubeIDE_1.14.1/STM32CubeIDE/plugins/com.st.stm32cube.ide.mcu.externaltools.gnu-tools-for-stm32.11.3.rel1.win32_1.1.100.202309141235/tools/bin/../lib/gcc/arm-none-eabi/11.3.1/thumb/v7e-m+fp/hard/crtbegin.o

.preinit_array  0x0000000008002cec        0x0
                0x0000000008002cec                . = ALIGN (0x4)
                0x0000000008002cec                PROVIDE (__preinit_array_start = .)
 *(.preinit_array*)
                0x0000000008002cec                PROVIDE (__preinit_array_end = .)
                0x0000000008002cec                . = ALIGN (0x4)

.init_array     0x0000000008002cec        0x4
                0x0000000008002cec                . = ALIGN (0x4)
                0x0000000008002cec                PROVIDE (__init_array_start = .)
 *(SORT_BY_NAME(.init_array.*))
 *(.init_array*)
 .init_array    0x0000000008002cec        0x4 D:/ST/STM32CubeIDE_1.14.1/STM32CubeIDE/plugins/com.st.stm32cube.ide.mcu.externaltools.gnu-tools-for-stm32.11.3.rel1.win32_1.1.100.202309141235/tools/bin/../lib/gcc/arm-none-eabi/11.3.1/thumb/v7e-m+fp/hard/crtbegin.o
                0x0000000008002cf0                PROVIDE (__init_array_end = .)
                0x0000000008002cf0                . = ALIGN (0x4)

.fini_array     0x0000000008002cf0        0x4
                0x0000000008002cf0                . = ALIGN (0x4)
                [!provide]                        PROVIDE (__fini_array_start = .)
 *(SORT_BY_NAME(.fini_array.*))
 *(.fini_array*)
 .fini_array    0x0000000008002cf0        0x4 D:/ST/STM32CubeIDE_1.14.1/STM32CubeIDE/plugins/com.st.stm32cube.ide.mcu.externaltools.gnu-tools-for-stm32.11.3.rel1.win32_1.1.100.202309141235/tools/bin/../lib/gcc/arm-none-eabi/11.3.1/thumb/v7e-m+fp/hard/crtbegin.o
                [!provide]                        PROVIDE (__fini_array_end = .)
                0x0000000008002cf4                . = ALIGN (0x4)
                0x0000000008002cf4                _sidata = LOADADDR (.data)

.data           0x0000000020000000        0xc load address 0x0000000008002cf4
                0x0000000020000000                . = ALIGN (0x4)
                0x0000000020000000                _sdata = .
 *(.data)
 *(.data*)
 .data.SystemCoreClock
                0x0000000020000000        0x4 ./Core/Src/system_stm32f4xx.o
                0x0000000020000000                SystemCoreClock
 .data.uwTickPrio
                0x0000000020000004        0x4 ./Drivers/STM32F4xx_HAL_Driver/Src/stm32f4xx_hal.o
                0x0000000020000004                uwTickPrio
 .data.uwTickFreq
                0x0000000020000008        0x1 ./Drivers/STM32F4xx_HAL_Driver/Src/stm32f4xx_hal.o
                0x0000000020000008                uwTickFreq
 *(.RamFunc)
 *(.RamFunc*)
                0x000000002000000c                . = ALIGN (0x4)
 *fill*         0x0000000020000009        0x3 
                0x000000002000000c                _edata = .

.igot.plt       0x000000002000000c        0x0 load address 0x0000000008002d00
 .igot.plt      0x000000002000000c        0x0 D:/ST/STM32CubeIDE_1.14.1/STM32CubeIDE/plugins/com.st.stm32cube.ide.mcu.externaltools.gnu-tools-for-stm32.11.3.rel1.win32_1.1.100.202309141235/tools/bin/../lib/gcc/arm-none-eabi/11.3.1/thumb/v7e-m+fp/hard/crtbegin.o
                0x000000002000000c                . = ALIGN (0x4)

.bss            0x000000002000000c       0xbc load address 0x0000000008002d00
                0x000000002000000c                _sbss = .
                0x000000002000000c                __bss_start__ = _sbss
 *(.bss)
 .bss           0x000000002000000c       0x1c D:/ST/STM32CubeIDE_1.14.1/STM32CubeIDE/plugins/com.st.stm32cube.ide.mcu.externaltools.gnu-tools-for-stm32.11.3.rel1.win32_1.1.100.202309141235/tools/bin/../lib/gcc/arm-none-eabi/11.3.1/thumb/v7e-m+fp/hard/crtbegin.o
 *(.bss*)
 .bss.hi2c1     0x0000000020000028       0x54 ./Core/Src/main.o
                0x0000000020000028                hi2c1
 .bss.htim1     0x000000002000007c       0x48 ./Core/Src/main.o
                0x000000002000007c                htim1
 .bss.uwTick    0x00000000200000c4        0x4 ./Drivers/STM32F4xx_HAL_Driver/Src/stm32f4xx_hal.o
                0x00000000200000c4                uwTick
 *(COMMON)
                0x00000000200000c8                . = ALIGN (0x4)
                0x00000000200000c8                _ebss = .
                0x00000000200000c8                __bss_end__ = _ebss

._user_heap_stack
                0x00000000200000c8      0x600 load address 0x0000000008002d00
                0x00000000200000c8                . = ALIGN (0x8)
                [!provide]                        PROVIDE (end = .)
                0x00000000200000c8                PROVIDE (_end = .)
                0x00000000200002c8                . = (. + _Min_Heap_Size)
 *fill*         0x00000000200000c8      0x200 
                0x00000000200006c8                . = (. + _Min_Stack_Size)
 *fill*         0x00000000200002c8      0x400 
                0x00000000200006c8                . = ALIGN (0x8)

/DISCARD/
 libc.a(*)
 libm.a(*)
 libgcc.a(*)

.ARM.attributes
                0x0000000000000000       0x30
 *(.ARM.attributes)
 .ARM.attributes
                0x0000000000000000       0x1e D:/ST/STM32CubeIDE_1.14.1/STM32CubeIDE/plugins/com.st.stm32cube.ide.mcu.externaltools.gnu-tools-for-stm32.11.3.rel1.win32_1.1.100.202309141235/tools/bin/../lib/gcc/arm-none-eabi/11.3.1/thumb/v7e-m+fp/hard/crti.o
 .ARM.attributes
                0x000000000000001e       0x34 D:/ST/STM32CubeIDE_1.14.1/STM32CubeIDE/plugins/com.st.stm32cube.ide.mcu.externaltools.gnu-tools-for-stm32.11.3.rel1.win32_1.1.100.202309141235/tools/bin/../lib/gcc/arm-none-eabi/11.3.1/thumb/v7e-m+fp/hard/crtbegin.o
 .ARM.attributes
                0x0000000000000052       0x34 ./Core/Src/LiquidCrystal_I2C.o
 .ARM.attributes
                0x0000000000000086       0x34 ./Core/Src/main.o
 .ARM.attributes
                0x00000000000000ba       0x34 ./Core/Src/stm32f4xx_hal_msp.o
 .ARM.attributes
                0x00000000000000ee       0x34 ./Core/Src/stm32f4xx_it.o
 .ARM.attributes
                0x0000000000000122       0x34 ./Core/Src/system_stm32f4xx.o
 .ARM.attributes
                0x0000000000000156       0x21 ./Core/Startup/startup_stm32f411retx.o
 .ARM.attributes
                0x0000000000000177       0x34 ./Drivers/STM32F4xx_HAL_Driver/Src/stm32f4xx_hal.o
 .ARM.attributes
                0x00000000000001ab       0x34 ./Drivers/STM32F4xx_HAL_Driver/Src/stm32f4xx_hal_cortex.o
 .ARM.attributes
                0x00000000000001df       0x34 ./Drivers/STM32F4xx_HAL_Driver/Src/stm32f4xx_hal_gpio.o
 .ARM.attributes
                0x0000000000000213       0x34 ./Drivers/STM32F4xx_HAL_Driver/Src/stm32f4xx_hal_i2c.o
 .ARM.attributes
                0x0000000000000247       0x34 ./Drivers/STM32F4xx_HAL_Driver/Src/stm32f4xx_hal_rcc.o
 .ARM.attributes
                0x000000000000027b       0x34 ./Drivers/STM32F4xx_HAL_Driver/Src/stm32f4xx_hal_tim.o
 .ARM.attributes
                0x00000000000002af       0x34 ./Drivers/STM32F4xx_HAL_Driver/Src/stm32f4xx_hal_tim_ex.o
 .ARM.attributes
                0x00000000000002e3       0x34 D:/ST/STM32CubeIDE_1.14.1/STM32CubeIDE/plugins/com.st.stm32cube.ide.mcu.externaltools.gnu-tools-for-stm32.11.3.rel1.win32_1.1.100.202309141235/tools/bin/../lib/gcc/arm-none-eabi/11.3.1/../../../../arm-none-eabi/lib/thumb/v7e-m+fp/hard\libc_nano.a(libc_a-memset.o)
 .ARM.attributes
                0x0000000000000317       0x34 D:/ST/STM32CubeIDE_1.14.1/STM32CubeIDE/plugins/com.st.stm32cube.ide.mcu.externaltools.gnu-tools-for-stm32.11.3.rel1.win32_1.1.100.202309141235/tools/bin/../lib/gcc/arm-none-eabi/11.3.1/../../../../arm-none-eabi/lib/thumb/v7e-m+fp/hard\libc_nano.a(libc_a-init.o)
 .ARM.attributes
                0x000000000000034b       0x17 D:/ST/STM32CubeIDE_1.14.1/STM32CubeIDE/plugins/com.st.stm32cube.ide.mcu.externaltools.gnu-tools-for-stm32.11.3.rel1.win32_1.1.100.202309141235/tools/bin/../lib/gcc/arm-none-eabi/11.3.1/../../../../arm-none-eabi/lib/thumb/v7e-m+fp/hard\libc_nano.a(libc_a-strlen.o)
 .ARM.attributes
                0x0000000000000362       0x1e D:/ST/STM32CubeIDE_1.14.1/STM32CubeIDE/plugins/com.st.stm32cube.ide.mcu.externaltools.gnu-tools-for-stm32.11.3.rel1.win32_1.1.100.202309141235/tools/bin/../lib/gcc/arm-none-eabi/11.3.1/thumb/v7e-m+fp/hard\libgcc.a(_aeabi_uldivmod.o)
 .ARM.attributes
                0x0000000000000380       0x34 D:/ST/STM32CubeIDE_1.14.1/STM32CubeIDE/plugins/com.st.stm32cube.ide.mcu.externaltools.gnu-tools-for-stm32.11.3.rel1.win32_1.1.100.202309141235/tools/bin/../lib/gcc/arm-none-eabi/11.3.1/thumb/v7e-m+fp/hard\libgcc.a(_udivmoddi4.o)
 .ARM.attributes
                0x00000000000003b4       0x1e D:/ST/STM32CubeIDE_1.14.1/STM32CubeIDE/plugins/com.st.stm32cube.ide.mcu.externaltools.gnu-tools-for-stm32.11.3.rel1.win32_1.1.100.202309141235/tools/bin/../lib/gcc/arm-none-eabi/11.3.1/thumb/v7e-m+fp/hard\libgcc.a(_dvmd_tls.o)
 .ARM.attributes
                0x00000000000003d2       0x1e D:/ST/STM32CubeIDE_1.14.1/STM32CubeIDE/plugins/com.st.stm32cube.ide.mcu.externaltools.gnu-tools-for-stm32.11.3.rel1.win32_1.1.100.202309141235/tools/bin/../lib/gcc/arm-none-eabi/11.3.1/thumb/v7e-m+fp/hard/crtn.o
OUTPUT(STM32_HAL_LiquidCrystal_I2C.elf elf32-littlearm)
LOAD linker stubs
LOAD D:/ST/STM32CubeIDE_1.14.1/STM32CubeIDE/plugins/com.st.stm32cube.ide.mcu.externaltools.gnu-tools-for-stm32.11.3.rel1.win32_1.1.100.202309141235/tools/bin/../lib/gcc/arm-none-eabi/11.3.1/../../../../arm-none-eabi/lib/thumb/v7e-m+fp/hard\libc.a
LOAD D:/ST/STM32CubeIDE_1.14.1/STM32CubeIDE/plugins/com.st.stm32cube.ide.mcu.externaltools.gnu-tools-for-stm32.11.3.rel1.win32_1.1.100.202309141235/tools/bin/../lib/gcc/arm-none-eabi/11.3.1/../../../../arm-none-eabi/lib/thumb/v7e-m+fp/hard\libm.a
LOAD D:/ST/STM32CubeIDE_1.14.1/STM32CubeIDE/plugins/com.st.stm32cube.ide.mcu.externaltools.gnu-tools-for-stm32.11.3.rel1.win32_1.1.100.202309141235/tools/bin/../lib/gcc/arm-none-eabi/11.3.1/thumb/v7e-m+fp/hard\libgcc.a

.comment        0x0000000000000000       0x43
 .comment       0x0000000000000000       0x43 D:/ST/STM32CubeIDE_1.14.1/STM32CubeIDE/plugins/com.st.stm32cube.ide.mcu.externaltools.gnu-tools-for-stm32.11.3.rel1.win32_1.1.100.202309141235/tools/bin/../lib/gcc/arm-none-eabi/11.3.1/thumb/v7e-m+fp/hard/crtbegin.o
                                         0x44 (size before relaxing)
 .comment       0x0000000000000043       0x44 ./Core/Src/LiquidCrystal_I2C.o
 .comment       0x0000000000000043       0x44 ./Core/Src/main.o
 .comment       0x0000000000000043       0x44 ./Core/Src/stm32f4xx_hal_msp.o
 .comment       0x0000000000000043       0x44 ./Core/Src/stm32f4xx_it.o
 .comment       0x0000000000000043       0x44 ./Core/Src/system_stm32f4xx.o
 .comment       0x0000000000000043       0x44 ./Drivers/STM32F4xx_HAL_Driver/Src/stm32f4xx_hal.o
 .comment       0x0000000000000043       0x44 ./Drivers/STM32F4xx_HAL_Driver/Src/stm32f4xx_hal_cortex.o
 .comment       0x0000000000000043       0x44 ./Drivers/STM32F4xx_HAL_Driver/Src/stm32f4xx_hal_gpio.o
 .comment       0x0000000000000043       0x44 ./Drivers/STM32F4xx_HAL_Driver/Src/stm32f4xx_hal_i2c.o
 .comment       0x0000000000000043       0x44 ./Drivers/STM32F4xx_HAL_Driver/Src/stm32f4xx_hal_rcc.o
 .comment       0x0000000000000043       0x44 ./Drivers/STM32F4xx_HAL_Driver/Src/stm32f4xx_hal_tim.o
 .comment       0x0000000000000043       0x44 ./Drivers/STM32F4xx_HAL_Driver/Src/stm32f4xx_hal_tim_ex.o

.debug_info     0x0000000000000000     0xba45
 .debug_info    0x0000000000000000      0xc3e ./Core/Src/LiquidCrystal_I2C.o
 .debug_info    0x0000000000000c3e     0x120a ./Core/Src/main.o
 .debug_info    0x0000000000001e48      0xd51 ./Core/Src/stm32f4xx_hal_msp.o
 .debug_info    0x0000000000002b99      0x112 ./Core/Src/stm32f4xx_it.o
 .debug_info    0x0000000000002cab      0x53e ./Core/Src/system_stm32f4xx.o
 .debug_info    0x00000000000031e9       0x23 ./Core/Startup/startup_stm32f411retx.o
 .debug_info    0x000000000000320c      0x8c4 ./Drivers/STM32F4xx_HAL_Driver/Src/stm32f4xx_hal.o
 .debug_info    0x0000000000003ad0      0xcfc ./Drivers/STM32F4xx_HAL_Driver/Src/stm32f4xx_hal_cortex.o
 .debug_info    0x00000000000047cc      0x6f9 ./Drivers/STM32F4xx_HAL_Driver/Src/stm32f4xx_hal_gpio.o
 .debug_info    0x0000000000004ec5     0x2426 ./Drivers/STM32F4xx_HAL_Driver/Src/stm32f4xx_hal_i2c.o
 .debug_info    0x00000000000072eb      0x8f0 ./Drivers/STM32F4xx_HAL_Driver/Src/stm32f4xx_hal_rcc.o
 .debug_info    0x0000000000007bdb     0x2996 ./Drivers/STM32F4xx_HAL_Driver/Src/stm32f4xx_hal_tim.o
 .debug_info    0x000000000000a571     0x14d4 ./Drivers/STM32F4xx_HAL_Driver/Src/stm32f4xx_hal_tim_ex.o

.debug_abbrev   0x0000000000000000     0x1a35
 .debug_abbrev  0x0000000000000000      0x25b ./Core/Src/LiquidCrystal_I2C.o
 .debug_abbrev  0x000000000000025b      0x284 ./Core/Src/main.o
 .debug_abbrev  0x00000000000004df      0x1e9 ./Core/Src/stm32f4xx_hal_msp.o
 .debug_abbrev  0x00000000000006c8       0x73 ./Core/Src/stm32f4xx_it.o
 .debug_abbrev  0x000000000000073b      0x11a ./Core/Src/system_stm32f4xx.o
 .debug_abbrev  0x0000000000000855       0x12 ./Core/Startup/startup_stm32f411retx.o
 .debug_abbrev  0x0000000000000867      0x24b ./Drivers/STM32F4xx_HAL_Driver/Src/stm32f4xx_hal.o
 .debug_abbrev  0x0000000000000ab2      0x31d ./Drivers/STM32F4xx_HAL_Driver/Src/stm32f4xx_hal_cortex.o
 .debug_abbrev  0x0000000000000dcf      0x1d3 ./Drivers/STM32F4xx_HAL_Driver/Src/stm32f4xx_hal_gpio.o
 .debug_abbrev  0x0000000000000fa2      0x2bc ./Drivers/STM32F4xx_HAL_Driver/Src/stm32f4xx_hal_i2c.o
 .debug_abbrev  0x000000000000125e      0x2b6 ./Drivers/STM32F4xx_HAL_Driver/Src/stm32f4xx_hal_rcc.o
 .debug_abbrev  0x0000000000001514      0x28b ./Drivers/STM32F4xx_HAL_Driver/Src/stm32f4xx_hal_tim.o
 .debug_abbrev  0x000000000000179f      0x296 ./Drivers/STM32F4xx_HAL_Driver/Src/stm32f4xx_hal_tim_ex.o

.debug_aranges  0x0000000000000000      0xd10
 .debug_aranges
                0x0000000000000000       0xf0 ./Core/Src/LiquidCrystal_I2C.o
 .debug_aranges
                0x00000000000000f0       0x50 ./Core/Src/main.o
 .debug_aranges
                0x0000000000000140       0x40 ./Core/Src/stm32f4xx_hal_msp.o
 .debug_aranges
                0x0000000000000180       0x60 ./Core/Src/stm32f4xx_it.o
 .debug_aranges
                0x00000000000001e0       0x28 ./Core/Src/system_stm32f4xx.o
 .debug_aranges
                0x0000000000000208       0x28 ./Core/Startup/startup_stm32f411retx.o
 .debug_aranges
                0x0000000000000230       0xf0 ./Drivers/STM32F4xx_HAL_Driver/Src/stm32f4xx_hal.o
 .debug_aranges
                0x0000000000000320      0x130 ./Drivers/STM32F4xx_HAL_Driver/Src/stm32f4xx_hal_cortex.o
 .debug_aranges
                0x0000000000000450       0x58 ./Drivers/STM32F4xx_HAL_Driver/Src/stm32f4xx_hal_gpio.o
 .debug_aranges
                0x00000000000004a8      0x2a8 ./Drivers/STM32F4xx_HAL_Driver/Src/stm32f4xx_hal_i2c.o
 .debug_aranges
                0x0000000000000750       0x88 ./Drivers/STM32F4xx_HAL_Driver/Src/stm32f4xx_hal_rcc.o
 .debug_aranges
                0x00000000000007d8      0x3d0 ./Drivers/STM32F4xx_HAL_Driver/Src/stm32f4xx_hal_tim.o
 .debug_aranges
                0x0000000000000ba8      0x168 ./Drivers/STM32F4xx_HAL_Driver/Src/stm32f4xx_hal_tim_ex.o

.debug_rnglists
                0x0000000000000000      0xa3b
 .debug_rnglists
                0x0000000000000000       0xb0 ./Core/Src/LiquidCrystal_I2C.o
 .debug_rnglists
                0x00000000000000b0       0x3a ./Core/Src/main.o
 .debug_rnglists
                0x00000000000000ea       0x2c ./Core/Src/stm32f4xx_hal_msp.o
 .debug_rnglists
                0x0000000000000116       0x43 ./Core/Src/stm32f4xx_it.o
 .debug_rnglists
                0x0000000000000159       0x1a ./Core/Src/system_stm32f4xx.o
 .debug_rnglists
                0x0000000000000173       0x19 ./Core/Startup/startup_stm32f411retx.o
 .debug_rnglists
                0x000000000000018c       0xaf ./Drivers/STM32F4xx_HAL_Driver/Src/stm32f4xx_hal.o
 .debug_rnglists
                0x000000000000023b       0xe0 ./Drivers/STM32F4xx_HAL_Driver/Src/stm32f4xx_hal_cortex.o
 .debug_rnglists
                0x000000000000031b       0x3f ./Drivers/STM32F4xx_HAL_Driver/Src/stm32f4xx_hal_gpio.o
 .debug_rnglists
                0x000000000000035a      0x23c ./Drivers/STM32F4xx_HAL_Driver/Src/stm32f4xx_hal_i2c.o
 .debug_rnglists
                0x0000000000000596       0x66 ./Drivers/STM32F4xx_HAL_Driver/Src/stm32f4xx_hal_rcc.o
 .debug_rnglists
                0x00000000000005fc      0x31a ./Drivers/STM32F4xx_HAL_Driver/Src/stm32f4xx_hal_tim.o
 .debug_rnglists
                0x0000000000000916      0x125 ./Drivers/STM32F4xx_HAL_Driver/Src/stm32f4xx_hal_tim_ex.o

.debug_macro    0x0000000000000000    0x1634a
 .debug_macro   0x0000000000000000      0x2ba ./Core/Src/LiquidCrystal_I2C.o
 .debug_macro   0x00000000000002ba      0xaa8 ./Core/Src/LiquidCrystal_I2C.o
 .debug_macro   0x0000000000000d62       0x22 ./Core/Src/LiquidCrystal_I2C.o
 .debug_macro   0x0000000000000d84       0x8e ./Core/Src/LiquidCrystal_I2C.o
 .debug_macro   0x0000000000000e12       0x51 ./Core/Src/LiquidCrystal_I2C.o
 .debug_macro   0x0000000000000e63      0x103 ./Core/Src/LiquidCrystal_I2C.o
 .debug_macro   0x0000000000000f66       0x6a ./Core/Src/LiquidCrystal_I2C.o
 .debug_macro   0x0000000000000fd0      0x1df ./Core/Src/LiquidCrystal_I2C.o
 .debug_macro   0x00000000000011af      0x29b ./Core/Src/LiquidCrystal_I2C.o
 .debug_macro   0x000000000000144a       0x2e ./Core/Src/LiquidCrystal_I2C.o
 .debug_macro   0x0000000000001478       0x28 ./Core/Src/LiquidCrystal_I2C.o
 .debug_macro   0x00000000000014a0       0x1c ./Core/Src/LiquidCrystal_I2C.o
 .debug_macro   0x00000000000014bc       0x22 ./Core/Src/LiquidCrystal_I2C.o
 .debug_macro   0x00000000000014de       0xfb ./Core/Src/LiquidCrystal_I2C.o
 .debug_macro   0x00000000000015d9     0x1011 ./Core/Src/LiquidCrystal_I2C.o
 .debug_macro   0x00000000000025ea      0x11f ./Core/Src/LiquidCrystal_I2C.o
 .debug_macro   0x0000000000002709     0xb953 ./Core/Src/LiquidCrystal_I2C.o
 .debug_macro   0x000000000000e05c       0x6d ./Core/Src/LiquidCrystal_I2C.o
 .debug_macro   0x000000000000e0c9     0x369a ./Core/Src/LiquidCrystal_I2C.o
 .debug_macro   0x0000000000011763      0x174 ./Core/Src/LiquidCrystal_I2C.o
 .debug_macro   0x00000000000118d7       0x5c ./Core/Src/LiquidCrystal_I2C.o
 .debug_macro   0x0000000000011933      0x45c ./Core/Src/LiquidCrystal_I2C.o
 .debug_macro   0x0000000000011d8f      0x9e9 ./Core/Src/LiquidCrystal_I2C.o
 .debug_macro   0x0000000000012778      0x115 ./Core/Src/LiquidCrystal_I2C.o
 .debug_macro   0x000000000001288d      0x11b ./Core/Src/LiquidCrystal_I2C.o
 .debug_macro   0x00000000000129a8       0xa5 ./Core/Src/LiquidCrystal_I2C.o
 .debug_macro   0x0000000000012a4d      0x15f ./Core/Src/LiquidCrystal_I2C.o
 .debug_macro   0x0000000000012bac      0x287 ./Core/Src/LiquidCrystal_I2C.o
 .debug_macro   0x0000000000012e33       0x5f ./Core/Src/LiquidCrystal_I2C.o
 .debug_macro   0x0000000000012e92      0x236 ./Core/Src/LiquidCrystal_I2C.o
 .debug_macro   0x00000000000130c8      0x132 ./Core/Src/LiquidCrystal_I2C.o
 .debug_macro   0x00000000000131fa      0x264 ./Core/Src/LiquidCrystal_I2C.o
 .debug_macro   0x000000000001345e       0x2e ./Core/Src/LiquidCrystal_I2C.o
 .debug_macro   0x000000000001348c      0x1b5 ./Core/Src/LiquidCrystal_I2C.o
 .debug_macro   0x0000000000013641       0x22 ./Core/Src/LiquidCrystal_I2C.o
 .debug_macro   0x0000000000013663       0xd6 ./Core/Src/LiquidCrystal_I2C.o
 .debug_macro   0x0000000000013739      0x127 ./Core/Src/LiquidCrystal_I2C.o
 .debug_macro   0x0000000000013860       0x85 ./Core/Src/LiquidCrystal_I2C.o
 .debug_macro   0x00000000000138e5       0x89 ./Core/Src/LiquidCrystal_I2C.o
 .debug_macro   0x000000000001396e      0x8ed ./Core/Src/LiquidCrystal_I2C.o
 .debug_macro   0x000000000001425b       0x47 ./Core/Src/LiquidCrystal_I2C.o
 .debug_macro   0x00000000000142a2      0x126 ./Core/Src/LiquidCrystal_I2C.o
 .debug_macro   0x00000000000143c8       0xd0 ./Core/Src/LiquidCrystal_I2C.o
 .debug_macro   0x0000000000014498       0x61 ./Core/Src/LiquidCrystal_I2C.o
 .debug_macro   0x00000000000144f9       0x2a ./Core/Src/LiquidCrystal_I2C.o
 .debug_macro   0x0000000000014523       0x43 ./Core/Src/LiquidCrystal_I2C.o
 .debug_macro   0x0000000000014566       0x34 ./Core/Src/LiquidCrystal_I2C.o
 .debug_macro   0x000000000001459a       0x16 ./Core/Src/LiquidCrystal_I2C.o
 .debug_macro   0x00000000000145b0       0x43 ./Core/Src/LiquidCrystal_I2C.o
 .debug_macro   0x00000000000145f3       0x34 ./Core/Src/LiquidCrystal_I2C.o
 .debug_macro   0x0000000000014627       0x10 ./Core/Src/LiquidCrystal_I2C.o
 .debug_macro   0x0000000000014637       0x58 ./Core/Src/LiquidCrystal_I2C.o
 .debug_macro   0x000000000001468f       0x8e ./Core/Src/LiquidCrystal_I2C.o
 .debug_macro   0x000000000001471d       0x1c ./Core/Src/LiquidCrystal_I2C.o
 .debug_macro   0x0000000000014739      0x177 ./Core/Src/LiquidCrystal_I2C.o
 .debug_macro   0x00000000000148b0      0x369 ./Core/Src/LiquidCrystal_I2C.o
 .debug_macro   0x0000000000014c19       0x10 ./Core/Src/LiquidCrystal_I2C.o
 .debug_macro   0x0000000000014c29       0x35 ./Core/Src/LiquidCrystal_I2C.o
 .debug_macro   0x0000000000014c5e       0x20 ./Core/Src/LiquidCrystal_I2C.o
 .debug_macro   0x0000000000014c7e      0x1fb ./Core/Src/main.o
 .debug_macro   0x0000000000014e79       0x58 ./Core/Src/main.o
 .debug_macro   0x0000000000014ed1       0xd6 ./Core/Src/main.o
 .debug_macro   0x0000000000014fa7      0x1ec ./Core/Src/stm32f4xx_hal_msp.o
 .debug_macro   0x0000000000015193      0x1f6 ./Core/Src/stm32f4xx_it.o
 .debug_macro   0x0000000000015389      0x1dd ./Core/Src/system_stm32f4xx.o
 .debug_macro   0x0000000000015566      0x23d ./Drivers/STM32F4xx_HAL_Driver/Src/stm32f4xx_hal.o
 .debug_macro   0x00000000000157a3      0x1dd ./Drivers/STM32F4xx_HAL_Driver/Src/stm32f4xx_hal_cortex.o
 .debug_macro   0x0000000000015980      0x1e3 ./Drivers/STM32F4xx_HAL_Driver/Src/stm32f4xx_hal_gpio.o
 .debug_macro   0x0000000000015b63      0x22b ./Drivers/STM32F4xx_HAL_Driver/Src/stm32f4xx_hal_i2c.o
 .debug_macro   0x0000000000015d8e      0x201 ./Drivers/STM32F4xx_HAL_Driver/Src/stm32f4xx_hal_rcc.o
 .debug_macro   0x0000000000015f8f      0x1de ./Drivers/STM32F4xx_HAL_Driver/Src/stm32f4xx_hal_tim.o
 .debug_macro   0x000000000001616d      0x1dd ./Drivers/STM32F4xx_HAL_Driver/Src/stm32f4xx_hal_tim_ex.o

.debug_line     0x0000000000000000     0xe922
 .debug_line    0x0000000000000000      0xc66 ./Core/Src/LiquidCrystal_I2C.o
 .debug_line    0x0000000000000c66      0x8f5 ./Core/Src/main.o
 .debug_line    0x000000000000155b      0x7ef ./Core/Src/stm32f4xx_hal_msp.o
 .debug_line    0x0000000000001d4a      0x82a ./Core/Src/stm32f4xx_it.o
 .debug_line    0x0000000000002574      0x7e9 ./Core/Src/system_stm32f4xx.o
 .debug_line    0x0000000000002d5d       0x7a ./Core/Startup/startup_stm32f411retx.o
 .debug_line    0x0000000000002dd7      0xa4f ./Drivers/STM32F4xx_HAL_Driver/Src/stm32f4xx_hal.o
 .debug_line    0x0000000000003826      0xd49 ./Drivers/STM32F4xx_HAL_Driver/Src/stm32f4xx_hal_cortex.o
 .debug_line    0x000000000000456f      0xb87 ./Drivers/STM32F4xx_HAL_Driver/Src/stm32f4xx_hal_gpio.o
 .debug_line    0x00000000000050f6     0x3ab1 ./Drivers/STM32F4xx_HAL_Driver/Src/stm32f4xx_hal_i2c.o
 .debug_line    0x0000000000008ba7      0xde0 ./Drivers/STM32F4xx_HAL_Driver/Src/stm32f4xx_hal_rcc.o
 .debug_line    0x0000000000009987     0x35b5 ./Drivers/STM32F4xx_HAL_Driver/Src/stm32f4xx_hal_tim.o
 .debug_line    0x000000000000cf3c     0x19e6 ./Drivers/STM32F4xx_HAL_Driver/Src/stm32f4xx_hal_tim_ex.o

.debug_str      0x0000000000000000    0x8dba3
 .debug_str     0x0000000000000000    0x8a29c ./Core/Src/LiquidCrystal_I2C.o
                                      0x8a5b9 (size before relaxing)
 .debug_str     0x000000000008a29c      0x84e ./Core/Src/main.o
                                      0x87b8f (size before relaxing)
 .debug_str     0x000000000008aaea       0xb1 ./Core/Src/stm32f4xx_hal_msp.o
                                      0x87563 (size before relaxing)
 .debug_str     0x000000000008ab9b       0xc9 ./Core/Src/stm32f4xx_it.o
                                      0x86c0c (size before relaxing)
 .debug_str     0x000000000008ac64       0xdb ./Core/Src/system_stm32f4xx.o
                                      0x86c22 (size before relaxing)
 .debug_str     0x000000000008ad3f       0x34 ./Core/Startup/startup_stm32f411retx.o
                                         0x55 (size before relaxing)
 .debug_str     0x000000000008ad73      0x99b ./Drivers/STM32F4xx_HAL_Driver/Src/stm32f4xx_hal.o
                                      0x8764e (size before relaxing)
 .debug_str     0x000000000008b70e      0x392 ./Drivers/STM32F4xx_HAL_Driver/Src/stm32f4xx_hal_cortex.o
                                      0x873b8 (size before relaxing)
 .debug_str     0x000000000008baa0      0x121 ./Drivers/STM32F4xx_HAL_Driver/Src/stm32f4xx_hal_gpio.o
                                      0x86d9d (size before relaxing)
 .debug_str     0x000000000008bbc1      0xb4b ./Drivers/STM32F4xx_HAL_Driver/Src/stm32f4xx_hal_i2c.o
                                      0x87c33 (size before relaxing)
 .debug_str     0x000000000008c70c      0x213 ./Drivers/STM32F4xx_HAL_Driver/Src/stm32f4xx_hal_rcc.o
                                      0x87056 (size before relaxing)
 .debug_str     0x000000000008c91f      0xdf1 ./Drivers/STM32F4xx_HAL_Driver/Src/stm32f4xx_hal_tim.o
                                      0x87f9a (size before relaxing)
 .debug_str     0x000000000008d710      0x493 ./Drivers/STM32F4xx_HAL_Driver/Src/stm32f4xx_hal_tim_ex.o
                                      0x877a6 (size before relaxing)

.debug_frame    0x0000000000000000     0x37d8
 .debug_frame   0x0000000000000000      0x3dc ./Core/Src/LiquidCrystal_I2C.o
 .debug_frame   0x00000000000003dc       0xf8 ./Core/Src/main.o
 .debug_frame   0x00000000000004d4       0xcc ./Core/Src/stm32f4xx_hal_msp.o
 .debug_frame   0x00000000000005a0      0x104 ./Core/Src/stm32f4xx_it.o
 .debug_frame   0x00000000000006a4       0x58 ./Core/Src/system_stm32f4xx.o
 .debug_frame   0x00000000000006fc      0x374 ./Drivers/STM32F4xx_HAL_Driver/Src/stm32f4xx_hal.o
 .debug_frame   0x0000000000000a70      0x508 ./Drivers/STM32F4xx_HAL_Driver/Src/stm32f4xx_hal_cortex.o
 .debug_frame   0x0000000000000f78      0x14c ./Drivers/STM32F4xx_HAL_Driver/Src/stm32f4xx_hal_gpio.o
 .debug_frame   0x00000000000010c4      0xc84 ./Drivers/STM32F4xx_HAL_Driver/Src/stm32f4xx_hal_i2c.o
 .debug_frame   0x0000000000001d48      0x1f4 ./Drivers/STM32F4xx_HAL_Driver/Src/stm32f4xx_hal_rcc.o
 .debug_frame   0x0000000000001f3c     0x11b8 ./Drivers/STM32F4xx_HAL_Driver/Src/stm32f4xx_hal_tim.o
 .debug_frame   0x00000000000030f4      0x638 ./Drivers/STM32F4xx_HAL_Driver/Src/stm32f4xx_hal_tim_ex.o
 .debug_frame   0x000000000000372c       0x20 D:/ST/STM32CubeIDE_1.14.1/STM32CubeIDE/plugins/com.st.stm32cube.ide.mcu.externaltools.gnu-tools-for-stm32.11.3.rel1.win32_1.1.100.202309141235/tools/bin/../lib/gcc/arm-none-eabi/11.3.1/../../../../arm-none-eabi/lib/thumb/v7e-m+fp/hard\libc_nano.a(libc_a-memset.o)
 .debug_frame   0x000000000000374c       0x2c D:/ST/STM32CubeIDE_1.14.1/STM32CubeIDE/plugins/com.st.stm32cube.ide.mcu.externaltools.gnu-tools-for-stm32.11.3.rel1.win32_1.1.100.202309141235/tools/bin/../lib/gcc/arm-none-eabi/11.3.1/../../../../arm-none-eabi/lib/thumb/v7e-m+fp/hard\libc_nano.a(libc_a-init.o)
 .debug_frame   0x0000000000003778       0x2c D:/ST/STM32CubeIDE_1.14.1/STM32CubeIDE/plugins/com.st.stm32cube.ide.mcu.externaltools.gnu-tools-for-stm32.11.3.rel1.win32_1.1.100.202309141235/tools/bin/../lib/gcc/arm-none-eabi/11.3.1/thumb/v7e-m+fp/hard\libgcc.a(_aeabi_uldivmod.o)
 .debug_frame   0x00000000000037a4       0x34 D:/ST/STM32CubeIDE_1.14.1/STM32CubeIDE/plugins/com.st.stm32cube.ide.mcu.externaltools.gnu-tools-for-stm32.11.3.rel1.win32_1.1.100.202309141235/tools/bin/../lib/gcc/arm-none-eabi/11.3.1/thumb/v7e-m+fp/hard\libgcc.a(_udivmoddi4.o)

.debug_line_str
                0x0000000000000000       0x49
 .debug_line_str
                0x0000000000000000       0x49 ./Core/Startup/startup_stm32f411retx.o
                                         0x61 (size before relaxing)
