../Core/Src/LiquidCrystal_I2C.c:12:6:InitLiquidCrystal_I2C	24	static
../Core/Src/LiquidCrystal_I2C.c:23:6:begin	24	static
../Core/Src/LiquidCrystal_I2C.c:83:6:clear	16	static
../Core/Src/LiquidCrystal_I2C.c:90:6:home	16	static
../Core/Src/LiquidCrystal_I2C.c:99:6:setCursor	32	static
../Core/Src/LiquidCrystal_I2C.c:109:6:noDisplay	16	static
../Core/Src/LiquidCrystal_I2C.c:115:6:display	16	static
../Core/Src/LiquidCrystal_I2C.c:122:6:noCursor	16	static
../Core/Src/LiquidCrystal_I2C.c:128:6:cursor	16	static
../Core/Src/LiquidCrystal_I2C.c:135:6:noBlink	16	static
../Core/Src/LiquidCrystal_I2C.c:141:6:blink	16	static
../Core/Src/LiquidCrystal_I2C.c:148:6:scrollDisplayLeft	16	static
../Core/Src/LiquidCrystal_I2C.c:152:6:scrollDisplayRight	16	static
../Core/Src/LiquidCrystal_I2C.c:158:6:leftToRight	16	static
../Core/Src/LiquidCrystal_I2C.c:165:6:rightToLeft	16	static
../Core/Src/LiquidCrystal_I2C.c:172:6:autoscroll	16	static
../Core/Src/LiquidCrystal_I2C.c:179:6:noAutoscroll	16	static
../Core/Src/LiquidCrystal_I2C.c:187:6:createChar	32	static
../Core/Src/LiquidCrystal_I2C.c:197:6:noBacklight	16	static
../Core/Src/LiquidCrystal_I2C.c:203:6:backlight	16	static
../Core/Src/LiquidCrystal_I2C.c:209:6:lcdPrint	24	static
../Core/Src/LiquidCrystal_I2C.c:222:6:command	16	static
../Core/Src/LiquidCrystal_I2C.c:227:6:write	16	static
../Core/Src/LiquidCrystal_I2C.c:234:13:expanderWrite	32	static
../Core/Src/LiquidCrystal_I2C.c:240:13:pulseEnable	16	static
../Core/Src/LiquidCrystal_I2C.c:250:13:write4bits	16	static
../Core/Src/LiquidCrystal_I2C.c:257:13:send	24	static
